---
source: crates/biome_js_analyze/tests/spec_tests.rs
expression: validEmptyCatch.js
---
# Input
```js
/* should not generate diagnostics */
try {
  doSomething();
} catch(ex) {}

function foo(){
  try {
      doSomething();
  } catch(ex) {}
}

const bar = () => {
  try {
      doSomething();
  } catch(ex) {}
}
```


