---
source: crates/biome_js_analyze/tests/spec_tests.rs
expression: invalid.ts
---
# Input
```js
function fooEmptyTs() {}

const barEmptyTs = () => {};

function fooWithNestedEmptyFnBlockTs() {
  let a = 1;

  function shouldFail(){}

  return a
}


const barWithNestedEmptyFnBlockTs = () => {
  let a = 1;

  const shouldFail = () => {}

  return a
}

const someVarTs: string = '';
if (someVarTs) {
}

while (someVarTs) {
}

switch(someVarTs) {
}

const doSomething = () => null;
try {
    doSomething();
} catch(ex) {

} finally {

}

class FooEmptyStaticTs {
  static {}
}

for(let i; i>0; i++){}

const obTs = {}
for (const key in obTs) {}

const arTs = []
for (const val of arTs) {}

function fooWithInternalEmptyBlocksTs(){
  let someOtherVar: string = '';
  if (someOtherVar) {}

  while (someOtherVar) {
  }

  switch(someOtherVar) {
  }

  try {
      doSomething();
  } catch(ex) {

  } finally {

  }
}
```

# Diagnostics
```
invalid.ts:1:23 lint/nursery/noEmptyBlockStatements ━━━━━━━━━━━━━━━━━━━━━━━━━━━━━━━━━━━━━━━━━━━━━━━━

  ! No empty blocks allowed.
  
  > 1 │ function fooEmptyTs() {}
      │                       ^^
    2 │ 
    3 │ const barEmptyTs = () => {};
  
  i Empty static blocks and block statements, while not technically errors, usually occur due to refactoring that wasn’t completed. They can cause confusion when reading code.
  

```

```
invalid.ts:3:26 lint/nursery/noEmptyBlockStatements ━━━━━━━━━━━━━━━━━━━━━━━━━━━━━━━━━━━━━━━━━━━━━━━━

  ! No empty blocks allowed.
  
    1 │ function fooEmptyTs() {}
    2 │ 
  > 3 │ const barEmptyTs = () => {};
      │                          ^^
    4 │ 
    5 │ function fooWithNestedEmptyFnBlockTs() {
  
  i Empty static blocks and block statements, while not technically errors, usually occur due to refactoring that wasn’t completed. They can cause confusion when reading code.
  

```

```
invalid.ts:8:24 lint/nursery/noEmptyBlockStatements ━━━━━━━━━━━━━━━━━━━━━━━━━━━━━━━━━━━━━━━━━━━━━━━━

  ! No empty blocks allowed.
  
     6 │   let a = 1;
     7 │ 
   > 8 │   function shouldFail(){}
       │                        ^^
     9 │ 
    10 │   return a
  
  i Empty static blocks and block statements, while not technically errors, usually occur due to refactoring that wasn’t completed. They can cause confusion when reading code.
  

```

```
invalid.ts:17:28 lint/nursery/noEmptyBlockStatements ━━━━━━━━━━━━━━━━━━━━━━━━━━━━━━━━━━━━━━━━━━━━━━━

  ! No empty blocks allowed.
  
    15 │   let a = 1;
    16 │ 
  > 17 │   const shouldFail = () => {}
       │                            ^^
    18 │ 
    19 │   return a
  
  i Empty static blocks and block statements, while not technically errors, usually occur due to refactoring that wasn’t completed. They can cause confusion when reading code.
  

```

```
invalid.ts:23:16 lint/nursery/noEmptyBlockStatements ━━━━━━━━━━━━━━━━━━━━━━━━━━━━━━━━━━━━━━━━━━━━━━━

  ! No empty blocks allowed.
  
    22 │ const someVarTs: string = '';
  > 23 │ if (someVarTs) {
       │                ^
  > 24 │ }
       │ ^
    25 │ 
    26 │ while (someVarTs) {
  
  i Empty static blocks and block statements, while not technically errors, usually occur due to refactoring that wasn’t completed. They can cause confusion when reading code.
  

```

```
invalid.ts:26:19 lint/nursery/noEmptyBlockStatements ━━━━━━━━━━━━━━━━━━━━━━━━━━━━━━━━━━━━━━━━━━━━━━━

  ! No empty blocks allowed.
  
    24 │ }
    25 │ 
  > 26 │ while (someVarTs) {
       │                   ^
  > 27 │ }
       │ ^
    28 │ 
    29 │ switch(someVarTs) {
  
  i Empty static blocks and block statements, while not technically errors, usually occur due to refactoring that wasn’t completed. They can cause confusion when reading code.
  

```

```
invalid.ts:27:2 lint/nursery/noEmptyBlockStatements ━━━━━━━━━━━━━━━━━━━━━━━━━━━━━━━━━━━━━━━━━━━━━━━━

  ! No empty blocks allowed.
  
    26 │ while (someVarTs) {
  > 27 │ }
       │  
  > 28 │ 
  > 29 │ switch(someVarTs) {
  > 30 │ }
       │ ^
    31 │ 
    32 │ const doSomething = () => null;
  
  i Empty static blocks and block statements, while not technically errors, usually occur due to refactoring that wasn’t completed. They can cause confusion when reading code.
  

```

```
invalid.ts:35:3 lint/nursery/noEmptyBlockStatements ━━━━━━━━━━━━━━━━━━━━━━━━━━━━━━━━━━━━━━━━━━━━━━━━

  ! No empty blocks allowed.
  
    33 │ try {
    34 │     doSomething();
  > 35 │ } catch(ex) {
       │   ^^^^^^^^^^^
  > 36 │ 
  > 37 │ } finally {
       │ ^^
    38 │ 
    39 │ }
  
  i Empty static blocks and block statements, while not technically errors, usually occur due to refactoring that wasn’t completed. They can cause confusion when reading code.
  

```

```
invalid.ts:37:11 lint/nursery/noEmptyBlockStatements ━━━━━━━━━━━━━━━━━━━━━━━━━━━━━━━━━━━━━━━━━━━━━━━

  ! No empty blocks allowed.
  
    35 │ } catch(ex) {
    36 │ 
  > 37 │ } finally {
       │           ^
  > 38 │ 
  > 39 │ }
       │ ^
    40 │ 
    41 │ class FooEmptyStaticTs {
  
  i Empty static blocks and block statements, while not technically errors, usually occur due to refactoring that wasn’t completed. They can cause confusion when reading code.
  

```

```
invalid.ts:41:25 lint/nursery/noEmptyBlockStatements ━━━━━━━━━━━━━━━━━━━━━━━━━━━━━━━━━━━━━━━━━━━━━━━

  ! No empty blocks allowed.
  
    39 │ }
    40 │ 
  > 41 │ class FooEmptyStaticTs {
       │                         
  > 42 │   static {}
       │   ^^^^^^^^^
    43 │ }
    44 │ 
  
  i Empty static blocks and block statements, while not technically errors, usually occur due to refactoring that wasn’t completed. They can cause confusion when reading code.
  

```

```
invalid.ts:45:21 lint/nursery/noEmptyBlockStatements ━━━━━━━━━━━━━━━━━━━━━━━━━━━━━━━━━━━━━━━━━━━━━━━

  ! No empty blocks allowed.
  
    43 │ }
    44 │ 
  > 45 │ for(let i; i>0; i++){}
       │                     ^^
    46 │ 
    47 │ const obTs = {}
  
  i Empty static blocks and block statements, while not technically errors, usually occur due to refactoring that wasn’t completed. They can cause confusion when reading code.
  

```

```
invalid.ts:48:25 lint/nursery/noEmptyBlockStatements ━━━━━━━━━━━━━━━━━━━━━━━━━━━━━━━━━━━━━━━━━━━━━━━

  ! No empty blocks allowed.
  
    47 │ const obTs = {}
  > 48 │ for (const key in obTs) {}
       │                         ^^
    49 │ 
    50 │ const arTs = []
  
  i Empty static blocks and block statements, while not technically errors, usually occur due to refactoring that wasn’t completed. They can cause confusion when reading code.
  

```

```
invalid.ts:51:25 lint/nursery/noEmptyBlockStatements ━━━━━━━━━━━━━━━━━━━━━━━━━━━━━━━━━━━━━━━━━━━━━━━

  ! No empty blocks allowed.
  
    50 │ const arTs = []
  > 51 │ for (const val of arTs) {}
       │                         ^^
    52 │ 
    53 │ function fooWithInternalEmptyBlocksTs(){
  
  i Empty static blocks and block statements, while not technically errors, usually occur due to refactoring that wasn’t completed. They can cause confusion when reading code.
  

```

```
invalid.ts:55:21 lint/nursery/noEmptyBlockStatements ━━━━━━━━━━━━━━━━━━━━━━━━━━━━━━━━━━━━━━━━━━━━━━━

  ! No empty blocks allowed.
  
    53 │ function fooWithInternalEmptyBlocksTs(){
    54 │   let someOtherVar: string = '';
  > 55 │   if (someOtherVar) {}
       │                     ^^
    56 │ 
    57 │   while (someOtherVar) {
  
  i Empty static blocks and block statements, while not technically errors, usually occur due to refactoring that wasn’t completed. They can cause confusion when reading code.
  

```

```
invalid.ts:57:24 lint/nursery/noEmptyBlockStatements ━━━━━━━━━━━━━━━━━━━━━━━━━━━━━━━━━━━━━━━━━━━━━━━

  ! No empty blocks allowed.
  
    55 │   if (someOtherVar) {}
    56 │ 
  > 57 │   while (someOtherVar) {
       │                        ^
  > 58 │   }
       │   ^
    59 │ 
    60 │   switch(someOtherVar) {
  
  i Empty static blocks and block statements, while not technically errors, usually occur due to refactoring that wasn’t completed. They can cause confusion when reading code.
  

```

```
invalid.ts:58:4 lint/nursery/noEmptyBlockStatements ━━━━━━━━━━━━━━━━━━━━━━━━━━━━━━━━━━━━━━━━━━━━━━━━

  ! No empty blocks allowed.
  
    57 │   while (someOtherVar) {
  > 58 │   }
       │    
  > 59 │ 
  > 60 │   switch(someOtherVar) {
  > 61 │   }
       │   ^
    62 │ 
    63 │   try {
  
  i Empty static blocks and block statements, while not technically errors, usually occur due to refactoring that wasn’t completed. They can cause confusion when reading code.
  

```

```
invalid.ts:65:5 lint/nursery/noEmptyBlockStatements ━━━━━━━━━━━━━━━━━━━━━━━━━━━━━━━━━━━━━━━━━━━━━━━━

  ! No empty blocks allowed.
  
    63 │   try {
    64 │       doSomething();
  > 65 │   } catch(ex) {
       │     ^^^^^^^^^^^
  > 66 │ 
  > 67 │   } finally {
       │   ^^
    68 │ 
    69 │   }
  
  i Empty static blocks and block statements, while not technically errors, usually occur due to refactoring that wasn’t completed. They can cause confusion when reading code.
  

```

```
invalid.ts:67:13 lint/nursery/noEmptyBlockStatements ━━━━━━━━━━━━━━━━━━━━━━━━━━━━━━━━━━━━━━━━━━━━━━━

  ! No empty blocks allowed.
  
    65 │   } catch(ex) {
    66 │ 
  > 67 │   } finally {
       │             ^
  > 68 │ 
  > 69 │   }
       │   ^
    70 │ }
  
  i Empty static blocks and block statements, while not technically errors, usually occur due to refactoring that wasn’t completed. They can cause confusion when reading code.
  

```


